// Jest Snapshot v1, https://goo.gl/fbAQLP

exports[`Search snapshot test 1`] = `
<div
  className="search"
>
  <header>
    <h1>
      
    </h1>
    <input
      onChange={[Function]}
      placeholder="Search"
      type="text"
      value=""
    />
  </header>
  <div>
    <div
      className="show-card"
    >
      <img
        src="https://images-na.ssl-images-amazon.com/images/M/MV5BMTU1Mzk2ODEzN15BMl5BanBnXkFtZTgwNDQwMjAxMTI@._V1_SX300.jpg"
      />
      <div>
        <h3>
          Girls
        </h3>
        <h4>
          (
          2012–
          )
        </h4>
        <p>
          A comedy about the experiences of a group of girls in their early 20s.
        </p>
      </div>
    </div>
    <div
      className="show-card"
    >
      <img
        src="https://images-na.ssl-images-amazon.com/images/M/MV5BMjEwOTcxODc2Ml5BMl5BanBnXkFtZTgwMjMyMDk2MTI@._V1_SX300.jpg"
      />
      <div>
        <h3>
          Game of Thrones
        </h3>
        <h4>
          (
          2011–
          )
        </h4>
        <p>
          Nine noble families fight for control over the mythical lands of Westeros; A forgotten race returns after being dormant for thousands of years.
        </p>
      </div>
    </div>
    <div
      className="show-card"
    >
      <img
        src="https://images-na.ssl-images-amazon.com/images/M/MV5BMTU2NjgyNjkyMV5BMl5BanBnXkFtZTgwMTI0MjYyMDI@._V1_SX300.jpg"
      />
      <div>
        <h3>
          Insecure
        </h3>
        <h4>
          (
          2016–
          )
        </h4>
        <p>
          Follows the awkward experiences and racy tribulations of a modern-day African-American woman.
        </p>
      </div>
    </div>
    <div
      className="show-card"
    >
      <img
        src="https://images-na.ssl-images-amazon.com/images/M/MV5BOTA4MTE3MTQwMF5BMl5BanBnXkFtZTgwNzk4MTg4MTI@._V1_SX300.jpg"
      />
      <div>
        <h3>
          Silicon Valley
        </h3>
        <h4>
          (
          2014–
          )
        </h4>
        <p>
          Follows the struggle of Richard Hendricks, a silicon valley engineer trying to build his own company called Pied Piper
        </p>
      </div>
    </div>
    <div
      className="show-card"
    >
      <img
        src="https://images.duckduckgo.com/iu/?u=http%3A%2F%2Fpopculture.mearsonlineauctions.com%2FItemImages%2F000054%2F54804a_lg.jpeg&f=1"
      />
      <div>
        <h3>
          Sopranos
        </h3>
        <h4>
          (
          2014
          )
        </h4>
        <p>
          Mob boss deals with issues dealing with business and family
        </p>
      </div>
    </div>
    <div
      className="show-card"
    >
      <img
        src="https://images-na.ssl-images-amazon.com/images/M/MV5BMTYyMzYxMjM3OF5BMl5BanBnXkFtZTcwNjg2OTA3MQ@@._V1_SX300.jpg"
      />
      <div>
        <h3>
          Sex and the City
        </h3>
        <h4>
          (
          2008
          )
        </h4>
        <p>
          A New York writer on sex and love is finally getting married to her Mr. Big. But her three best girlfriends must console her after one of them inadvertently leads Mr. Big to jilt her.
        </p>
      </div>
    </div>
    <div
      className="show-card"
    >
      <img
        src="https://images-na.ssl-images-amazon.com/images/M/MV5BOTAxOTg2ODM3MF5BMl5BanBnXkFtZTgwMjIyMzgwMzE@._V1_SX300.jpg"
      />
      <div>
        <h3>
          Oz
        </h3>
        <h4>
          (
          1997–2003
          )
        </h4>
        <p>
          A series chronicling the daily activities of an unusual prison facility and its criminal inhabitants.
        </p>
      </div>
    </div>
    <div
      className="show-card"
    >
      <img
        src="https://images-na.ssl-images-amazon.com/images/M/MV5BMTI3ODc2ODc0M15BMl5BanBnXkFtZTYwMjgzNjc3._V1_SX300.jpg"
      />
      <div>
        <h3>
          Band of Brothers
        </h3>
        <h4>
          (
          2001
          )
        </h4>
        <p>
          The story of Easy Company of the US Army 101st Airborne division and their mission in WWII Europe from Operation Overlord through V-J Day.
        </p>
      </div>
    </div>
    <div
      className="show-card"
    >
      <img
        src="https://images-na.ssl-images-amazon.com/images/M/MV5BODUxMDI2Mzc5Nl5BMl5BanBnXkFtZTgwNTQ0OTc2MTI@._V1_SX300.jpg"
      />
      <div>
        <h3>
          Veep
        </h3>
        <h4>
          (
          2012–
          )
        </h4>
        <p>
          Former Senator Selina Meyer finds that being Vice President of the United States is nothing like she hoped and everything that everyone ever warned her about.
        </p>
      </div>
    </div>
    <div
      className="show-card"
    >
      <img
        src="https://images-na.ssl-images-amazon.com/images/M/MV5BOTkwNTc3MjM3MV5BMl5BanBnXkFtZTgwOTU5ODgxOTE@._V1_SX300.jpg"
      />
      <div>
        <h3>
          Ballers
        </h3>
        <h4>
          (
          2015–
          )
        </h4>
        <p>
          A series centered around a group of football players and their families, friends, and handlers.
        </p>
      </div>
    </div>
    <div
      className="show-card"
    >
      <img
        src="https://images-na.ssl-images-amazon.com/images/M/MV5BMTU5NjU1MjE0M15BMl5BanBnXkFtZTgwMTQyODgxOTE@._V1_SX300.jpg"
      />
      <div>
        <h3>
          Vice Principals
        </h3>
        <h4>
          (
          2016-
          )
        </h4>
        <p>
          An over protective father is obsessed with becoming a principal and competes against the popular vice principal. However something happens that makes them work together to save the day.
        </p>
      </div>
    </div>
    <div
      className="show-card"
    >
      <img
        src="https://images-na.ssl-images-amazon.com/images/M/MV5BMTEyODk5NTc2MjNeQTJeQWpwZ15BbWU4MDQ5NTgwOTkx._V1_SX300.jpg"
      />
      <div>
        <h3>
          Westworld
        </h3>
        <h4>
          (
          2016–
          )
        </h4>
        <p>
          Set at the intersection of the near future and the reimagined past, explore a world in which every human appetite, no matter how noble or depraved, can be indulged without consequence.
        </p>
      </div>
    </div>
    <div
      className="show-card"
    >
      <img
        src="https://images-na.ssl-images-amazon.com/images/M/MV5BMTkyNjIwOTgwM15BMl5BanBnXkFtZTgwNjgwMzA0MTI@._V1_SX300.jpg"
      />
      <div>
        <h3>
          Crashing
        </h3>
        <h4>
          (
          2017–
          )
        </h4>
        <p>
          A New York comic is forced to make a new start for himself after his wife leaves him.
        </p>
      </div>
    </div>
    <div
      className="show-card"
    >
      <img
        src="https://images-na.ssl-images-amazon.com/images/M/MV5BMjNhODE1M2YtMjFmMC00YTliLThhNDktMzI0MjljMzI3NDVjL2ltYWdlXkEyXkFqcGdeQXVyNTAyODkwOQ@@._V1_SX300.jpg"
      />
      <div>
        <h3>
          Boardwalk Empire
        </h3>
        <h4>
          (
          2010–2014
          )
        </h4>
        <p>
          An Atlantic City politician plays both sides of the law, conspiring with gangsters during the Prohibition era.
        </p>
      </div>
    </div>
  </div>
</div>
`;
